Analysis initiated from SIMULIA established products
Abaqus JOB plate_double8__8499
Abaqus 2022
Abaqus License Manager checked out the following licenses:
Abaqus/Standard checked out 5 tokens from Flexnet server localhost.
<9994 out of 9999 licenses remain available>.
Begin Analysis Input File Processor
9/10/2026 3:26:29 PM
Run pre.exe
9/10/2026 3:26:34 PM
End Analysis Input File Processor
Begin Abaqus/Standard Analysis
9/10/2026 3:26:34 PM
Run standard.exe
9/10/2026 3:26:41 PM
End Abaqus/Standard Analysis
Begin SIM Wrap-up
9/10/2026 3:26:41 PM
Run SMASimUtility.exe
9/10/2026 3:26:42 PM
End SIM Wrap-up
Abaqus JOB plate_double8__8499 COMPLETED
