Analysis initiated from SIMULIA established products
Abaqus JOB plate_nohole__3722
Abaqus 2022
Abaqus License Manager checked out the following licenses:
Abaqus/Standard checked out 5 tokens from Flexnet server localhost.
<9994 out of 9999 licenses remain available>.
Begin Analysis Input File Processor
9/10/2026 3:35:51 PM
Run pre.exe
9/10/2026 3:35:57 PM
End Analysis Input File Processor
Begin Abaqus/Standard Analysis
9/10/2026 3:35:57 PM
Run standard.exe
9/10/2026 3:36:03 PM
End Abaqus/Standard Analysis
Begin SIM Wrap-up
9/10/2026 3:36:03 PM
Run SMASimUtility.exe
9/10/2026 3:36:04 PM
End SIM Wrap-up
Abaqus JOB plate_nohole__3722 COMPLETED
