Analysis initiated from SIMULIA established products
Abaqus JOB plate_three4__3722
Abaqus 2022
Abaqus License Manager checked out the following licenses:
Abaqus/Standard checked out 5 tokens from Flexnet server localhost.
<9994 out of 9999 licenses remain available>.
Begin Analysis Input File Processor
9/10/2026 3:59:44 PM
Run pre.exe
9/10/2026 3:59:49 PM
End Analysis Input File Processor
Begin Abaqus/Standard Analysis
9/10/2026 3:59:49 PM
Run standard.exe
9/10/2026 3:59:55 PM
End Abaqus/Standard Analysis
Begin SIM Wrap-up
9/10/2026 3:59:56 PM
Run SMASimUtility.exe
9/10/2026 3:59:56 PM
End SIM Wrap-up
Abaqus JOB plate_three4__3722 COMPLETED
