Analysis initiated from SIMULIA established products
Abaqus JOB plate_circle4__9499
Abaqus 2022
Abaqus License Manager checked out the following licenses:
Abaqus/Standard checked out 5 tokens from Flexnet server localhost.
<9994 out of 9999 licenses remain available>.
Begin Analysis Input File Processor
9/10/2026 3:08:56 PM
Run pre.exe
9/10/2026 3:09:02 PM
End Analysis Input File Processor
Begin Abaqus/Standard Analysis
9/10/2026 3:09:02 PM
Run standard.exe
9/10/2026 3:09:08 PM
End Abaqus/Standard Analysis
Begin SIM Wrap-up
9/10/2026 3:09:10 PM
Run SMASimUtility.exe
9/10/2026 3:09:11 PM
End SIM Wrap-up
Abaqus JOB plate_circle4__9499 COMPLETED
