Analysis initiated from SIMULIA established products
Abaqus JOB plate_offset1__1000
Abaqus 2022
Abaqus License Manager checked out the following licenses:
Abaqus/Standard checked out 5 tokens from Flexnet server localhost.
<9994 out of 9999 licenses remain available>.
Begin Analysis Input File Processor
9/8/2026 9:35:50 PM
Run pre.exe
9/8/2026 9:35:56 PM
End Analysis Input File Processor
Begin Abaqus/Standard Analysis
9/8/2026 9:35:56 PM
Run standard.exe
9/8/2026 9:36:01 PM
End Abaqus/Standard Analysis
Begin SIM Wrap-up
9/8/2026 9:36:02 PM
Run SMASimUtility.exe
9/8/2026 9:36:03 PM
End SIM Wrap-up
Abaqus JOB plate_offset1__1000 COMPLETED
