Analysis initiated from SIMULIA established products
Abaqus JOB plate_circle4__6499
Abaqus 2022
Abaqus License Manager checked out the following licenses:
Abaqus/Standard checked out 5 tokens from Flexnet server localhost.
<9994 out of 9999 licenses remain available>.
Begin Analysis Input File Processor
9/10/2026 3:06:58 PM
Run pre.exe
9/10/2026 3:07:04 PM
End Analysis Input File Processor
Begin Abaqus/Standard Analysis
9/10/2026 3:07:04 PM
Run standard.exe
9/10/2026 3:07:10 PM
End Abaqus/Standard Analysis
Begin SIM Wrap-up
9/10/2026 3:07:11 PM
Run SMASimUtility.exe
9/10/2026 3:07:11 PM
End SIM Wrap-up
Abaqus JOB plate_circle4__6499 COMPLETED
